    Checking tsecon-filters v0.2.0 (/home/user/tsecon/crates/tsecon-filters)
    Checking tsecon-var v0.2.0 (/home/user/tsecon/crates/tsecon-var)
    Checking tsecon-panelts v0.2.0 (/home/user/tsecon/crates/tsecon-panelts)
    Checking tsecon-termstructure v0.2.0 (/home/user/tsecon/crates/tsecon-termstructure)
    Checking tsecon-breaks v0.2.0 (/home/user/tsecon/crates/tsecon-breaks)
    Checking tsecon-spectest v0.2.0 (/home/user/tsecon/crates/tsecon-spectest)
    Checking tsecon-diag v0.2.0 (/home/user/tsecon/crates/tsecon-diag)
    Checking tsecon-quantile v0.2.0 (/home/user/tsecon/crates/tsecon-quantile)
    Checking tsecon-realized v0.2.0 (/home/user/tsecon/crates/tsecon-realized)
    Checking tsecon-midas v0.2.0 (/home/user/tsecon/crates/tsecon-midas)
    Checking tsecon-longmemory v0.2.0 (/home/user/tsecon/crates/tsecon-longmemory)
    Checking tsecon-favar v0.2.0 (/home/user/tsecon/crates/tsecon-favar)
    Checking tsecon-funcshock v0.2.0 (/home/user/tsecon/crates/tsecon-funcshock)
    Checking tsecon-panel v0.2.0 (/home/user/tsecon/crates/tsecon-panel)
    Checking tsecon-nowcast v0.2.0 (/home/user/tsecon/crates/tsecon-nowcast)
    Checking tsecon-coint v0.2.0 (/home/user/tsecon/crates/tsecon-coint)
    Checking tsecon-panelroot v0.2.0 (/home/user/tsecon/crates/tsecon-panelroot)
    Checking tsecon-connect v0.2.0 (/home/user/tsecon/crates/tsecon-connect)
    Checking tsecon-predreg v0.2.0 (/home/user/tsecon/crates/tsecon-predreg)
    Checking tsecon-gmm v0.2.0 (/home/user/tsecon/crates/tsecon-gmm)
    Checking tsecon-survey v0.2.0 (/home/user/tsecon/crates/tsecon-survey)
    Checking tsecon-evt v0.2.0 (/home/user/tsecon/crates/tsecon-evt)
    Checking tsecon-python v0.2.0 (/home/user/tsecon/bindings/python)
    Checking tsecon-ml v0.2.0 (/home/user/tsecon/crates/tsecon-ml)
    Checking tsecon-dsge v0.2.0 (/home/user/tsecon/crates/tsecon-dsge)
    Checking tsecon-recession v0.2.0 (/home/user/tsecon/crates/tsecon-recession)
    Checking tsecon-gas v0.2.0 (/home/user/tsecon/crates/tsecon-gas)
    Checking tsecon-forecast v0.2.0 (/home/user/tsecon/crates/tsecon-forecast)
    Checking tsecon-regime v0.2.0 (/home/user/tsecon/crates/tsecon-regime)
    Checking tsecon-garch v0.2.0 (/home/user/tsecon/crates/tsecon-garch)
    Checking tsecon-mgarch v0.2.0 (/home/user/tsecon/crates/tsecon-mgarch)
    Checking tsecon-lp v0.2.0 (/home/user/tsecon/crates/tsecon-lp)
    Checking tsecon-spectral v0.2.0 (/home/user/tsecon/crates/tsecon-spectral)
    Checking tsecon-arima v0.2.0 (/home/user/tsecon/crates/tsecon-arima)
    Checking tsecon-bootstrap v0.2.0 (/home/user/tsecon/crates/tsecon-bootstrap)
    Checking tsecon-ident v0.2.0 (/home/user/tsecon/crates/tsecon-ident)
    Checking tsecon-bayes v0.2.0 (/home/user/tsecon/crates/tsecon-bayes)
    Checking tsecon-ssm v0.2.0 (/home/user/tsecon/crates/tsecon-ssm)
    Checking tsecon-linalg v0.2.0 (/home/user/tsecon/crates/tsecon-linalg)
    Checking tsecon-optim v0.2.0 (/home/user/tsecon/crates/tsecon-optim)
    Checking tsecon-hac v0.2.0 (/home/user/tsecon/crates/tsecon-hac)
    Checking tsecon-rng v0.2.0 (/home/user/tsecon/crates/tsecon-rng)
    Checking tsecon-stats v0.2.0 (/home/user/tsecon/crates/tsecon-stats)
    Finished `dev` profile [unoptimized + debuginfo] target(s) in 10.25s
