[accuracy] UNDOCUMENTED keys (not in __doc__): ['mae', 'mape', 'mase', 'me', 'rmse', 'rmsse', 'smape']
[acf] UNDOCUMENTED keys (not in __doc__): ['bartlett_se']
[adaptive_lasso] UNDOCUMENTED keys (not in __doc__): ['coef', 'max_change', 'max_rel_change', 'n_iter']
[adf] UNDOCUMENTED keys (not in __doc__): ['crit', 'nobs', 'p_value', 'statistic', 'used_lag']
[arch_lm] UNDOCUMENTED keys (not in __doc__): ['df', 'nobs', 'p_value', 'statistic']
[arima_fit] phantom candidates (in doc key list, not returned): ['cov_error']
[auto_arima] phantom candidates (in doc key list, not returned): ['arima_fit', 'error', 'fit_failed', 'ic_undefined', 'ndiffs', 'near_unit_root', 'nsdiffs', 'status']
[backtest] UNDOCUMENTED keys (not in __doc__): ['n_origins']
[backtest] phantom candidates (in doc key list, not returned): ['insample_period']
[bai_perron] UNDOCUMENTED keys (not in __doc__): ['break_dates', 'break_dates_by_m', 'bse', 'ci_lower_90', 'ci_lower_95', 'ci_scale', 'ci_upper_90', 'ci_upper_95', 'h', 'n_breaks', 'params', 'regime_ends', 'regime_ssr', 'regime_starts', 'ssr_path', 'sup_f_crit', 'sup_f_seq']
[bk_filter] UNDOCUMENTED keys (not in __doc__): ['cycle']
[bvar_fit] phantom candidates (in doc key list, not returned): ['Bbar']
[bvar_hierarchical] UNDOCUMENTED keys (not in __doc__): ['converged', 'grid_lambda1', 'grid_log_ml', 'lambda1_fixed_log_ml', 'lambda3_opt', 'log_marginal_likelihood', 'log_posterior', 'n_evals', 'posterior_mean_coefs', 'sigma_posterior_mean']
[bvar_ssvs] phantom candidates (in doc key list, not returned): ['inclusion_prob_cov', 'posterior_mean_coefs', 'ssvs_cov']
[ccc_garch] phantom candidates (in doc key list, not returned): ['R', 'dcc_garch', 'forecast_horizon']
[cf_filter] UNDOCUMENTED keys (not in __doc__): ['cycle', 'first_index', 'trend']
[cg_regression] UNDOCUMENTED keys (not in __doc__): ['p_slope', 'se_intercept', 'se_slope', 't_slope']
[cg_regression] phantom candidates (in doc key list, not returned): ['p', 'se', 't']
[check_series] UNDOCUMENTED keys (not in __doc__): ['analysis_scale', 'arch_effects', 'breaks', 'descriptives', 'long_memory', 'multiple_testing', 'normality', 'outliers', 'seasonality', 'serial_correlation', 'stationarity', 'tests_run']
[check_stationarity] UNDOCUMENTED keys (not in __doc__): ['adf_p_value', 'adf_statistic', 'alpha', 'kpss_p_value', 'kpss_statistic']
[chow_test] UNDOCUMENTED keys (not in __doc__): ['df_den', 'df_num', 'fstat', 'pvalue', 'ssr1', 'ssr2', 'ssr_pooled']
[connectedness] UNDOCUMENTED keys (not in __doc__): ['gfevd']
[copula_fit] phantom candidates (in doc key list, not returned): ['nu', 'se_', 'se_nu', 'se_theta', 'theta']
[cusum_test] UNDOCUMENTED keys (not in __doc__): ['sigma']
[cw_test] UNDOCUMENTED keys (not in __doc__): ['cw_stat', 'mean_adj_diff', 'p_value']
[dcc_garch] phantom candidates (in doc key list, not returned): ['aic', 'bic', 'boundary', 'boundary_note', 'conditional_volatility', 'eps', 'eps_', 'garch_fit', 'k', 'n_t', 'nbar', 'nu', 'param_names', 'params', 'params_named', 'se_mle', 'se_robust', 'se_valid', 'sigma_', 'sum_t', 't', 'var_irf', 'z_t']
[dcs_local_level] non-finite (documented): [('$.nu_se', 'nan')]
[dcs_local_level] UNDOCUMENTED keys (not in __doc__): ['kappa_se', 'nu_se', 'scale_se']
[dcs_local_level] phantom candidates (in doc key list, not returned): ['False']
[dfm_nowcast] phantom candidates (in doc key list, not returned): ['Lambda', 'i', 'method', 'r']
[dm_test] UNDOCUMENTED keys (not in __doc__): ['dm_stat', 'hln_stat', 'mean_loss_diff', 'p_value']
[dsge_solve] phantom candidates (in doc key list, not returned): ['predetermined_']
[dynamic_ns] phantom candidates (in doc key list, not returned): ['ar1_intercept', 'ar1_phi', 'yields']
[elastic_net] UNDOCUMENTED keys (not in __doc__): ['coef', 'max_change', 'max_rel_change', 'n_iter']
[engle_granger] UNDOCUMENTED keys (not in __doc__): ['adf_nobs', 'coint_coefs', 'n_vars', 'nobs', 'resid', 'used_lag']
[factor_model] UNDOCUMENTED keys (not in __doc__): ['er', 'er_ratios']
[flp] UNDOCUMENTED keys (not in __doc__): ['betas', 'horizons', 'n_factors', 'nobs']
[flp_scenario] UNDOCUMENTED keys (not in __doc__): ['betas', 'explained', 'horizons', 'se']
[forecast_disagreement] phantom candidates (in doc key list, not returned): ['ddof']
[fry_pagan_svar] UNDOCUMENTED keys (not in __doc__): ['diagnostics', 'median_irf', 'median_target_irf', 'mt_index', 'mt_statistic', 'n_accepted']
[functional_pca] UNDOCUMENTED keys (not in __doc__): ['mean_curve', 'total_variance']
[fvar_scenario] UNDOCUMENTED keys (not in __doc__): ['horizons', 'implied_outcome_innovation', 'response_outcome']
[garch_fit] non-finite (documented): [('$.se_mle', 'array(3,) nan=1 inf=0'), ('$.se_robust', 'array(3,) nan=1 inf=0')]
[gas_volatility] UNDOCUMENTED keys (not in __doc__): ['converged', 'iterations']
[gas_volatility] phantom candidates (in doc key list, not returned): ['h', 'nu']
[gev_fit] UNDOCUMENTED keys (not in __doc__): ['converged', 'loglik', 'n_maxima', 'se_mu', 'se_sigma', 'se_xi']
[gpd_fit] UNDOCUMENTED keys (not in __doc__): ['beta', 'converged', 'exceed_rate', 'loglik', 'se_beta', 'se_xi', 'threshold_quantile']
[growth_at_risk] UNDOCUMENTED keys (not in __doc__): ['fitted_raw']
[gw_test] UNDOCUMENTED keys (not in __doc__): ['df', 'gw_stat', 'p_value']
[hamilton_filter] phantom candidates (in doc key list, not returned): ['b_1', 'bse', 'maxlags', 'se', 'se_type', 'tvalues', 'use_correction']
[har_rv] UNDOCUMENTED keys (not in __doc__): ['nobs']
[hetero_svar] UNDOCUMENTED keys (not in __doc__): ['covariance_equality', 'horizon', 'lags', 'min_ratio_gap', 'n_vars', 'ratio_dist_from_unity', 'regime1_label', 'regime2_label', 'regime_sizes', 'sigma_regime1', 'sigma_regime2', 'sign_convention', 'structural_irf', 'variance_ratios']
[heteroskedasticity_test] UNDOCUMENTED keys (not in __doc__): ['f_pvalue', 'fstat']
[historical_decomposition] UNDOCUMENTED keys (not in __doc__): ['baseline', 'hd', 'shocks', 'times']
[hp_filter] UNDOCUMENTED keys (not in __doc__): ['cycle', 'first_index', 'trend']
[iv_gmm] UNDOCUMENTED keys (not in __doc__): ['nmoments', 'nobs', 'nparams', 'steps']
[ivx_test] UNDOCUMENTED keys (not in __doc__): ['nobs', 'nregressors']
[jarque_bera] UNDOCUMENTED keys (not in __doc__): ['kurtosis', 'n', 'p_value', 'skewness', 'statistic']
[johansen] UNDOCUMENTED keys (not in __doc__): ['eig', 'max_eig_crit_90_95_99', 'max_eig_stat', 'rank_max_eig_5pct', 'rank_trace_5pct', 'trace_crit_90_95_99', 'trace_stat']
[johansen] phantom candidates (in doc key list, not returned): ['S_11']
[kpss] UNDOCUMENTED keys (not in __doc__): ['lags', 'p_value', 'statistic']
[lasso] UNDOCUMENTED keys (not in __doc__): ['coef', 'max_change', 'max_rel_change', 'n_iter']
[ljung_box] UNDOCUMENTED keys (not in __doc__): ['bp_pvalue', 'bp_stat', 'lb_pvalue', 'lb_stat']
[local_level_smooth] UNDOCUMENTED keys (not in __doc__): ['d_diffuse', 'filtered_state', 'filtered_state_var', 'smoothed_state', 'smoothed_state_var']
[local_level_smooth] phantom candidates (in doc key list, not returned): ['use_exact_diffuse']
[lp_did] phantom candidates (in doc key list, not returned): ['pooled_post_att', 'pooled_post_n_switchers', 'pooled_post_nobs', 'pooled_post_se', 'pooled_pre_att', 'pooled_pre_n_switchers', 'pooled_pre_nobs', 'pooled_pre_se', 'pre_window']
[lp_iv] UNDOCUMENTED keys (not in __doc__): ['first_stage_f']
[lp_multiplier] UNDOCUMENTED keys (not in __doc__): ['nobs_per_h']
[markov_switching_ar] phantom candidates (in doc key list, not returned): ['k_regimes', 'mu_', 'order', 'phi_1', 'phi_p']
[max_share_svar] phantom candidates (in doc key list, not returned): ['exclude_impact']
[mcmc_diagnostics] UNDOCUMENTED keys (not in __doc__): ['ess_bulk', 'ess_tail', 'rhat']
[mean_group_var] phantom candidates (in doc key list, not returned): ['impulse', 'mg_irf_path', 'response']
[mstl] phantom candidates (in doc key list, not returned): ['seasonal_', 'seasonal_k', 'y']
[narrative_svar] UNDOCUMENTED keys (not in __doc__): ['diagnostics', 'probs', 'quantiles', 'set_max', 'set_min']
[ndiffs] phantom candidates (in doc key list, not returned): ['lags', 'n', 'needs_differencing', 'p_value', 'statistic']
[nongaussian_svar] UNDOCUMENTED keys (not in __doc__): ['converged', 'irf', 'n_iter', 'order']
[nsdiffs] phantom candidates (in doc key list, not returned): ['n', 'needs_differencing', 'seasonal_strength', 'trend_strength']
[ols] UNDOCUMENTED keys (not in __doc__): ['params', 'tvalues']
[ou_fit] phantom candidates (in doc key list, not returned): ['inf']
[panel_fe] UNDOCUMENTED keys (not in __doc__): ['bse', 'params', 'tvalues']
[panel_lp] UNDOCUMENTED keys (not in __doc__): ['irf', 'nobs']
[panel_pmg] UNDOCUMENTED keys (not in __doc__): ['n_units']
[panel_unit_root] UNDOCUMENTED keys (not in __doc__): ['n_units', 'p_value', 'per_unit_lags', 'per_unit_nobs', 'per_unit_pvalue', 'per_unit_tstat', 'statistic', 't_bar']
[phillips_ouliaris] UNDOCUMENTED keys (not in __doc__): ['lags', 'n_vars', 'nobs', 'stat']
[phillips_perron] UNDOCUMENTED keys (not in __doc__): ['crit', 'nobs', 'pvalue', 'stat', 'zalpha', 'ztau']
[predictive_regression] phantom candidates (in doc key list, not returned): ['alpha', 'beta', 'beta_corrected', 'beta_ivx', 'beta_ols', 'bias_term', 'pvalue', 'rho_ols', 'rz', 'se', 'tstat', 'u', 'u_', 'wald', 'x', 'x_t']
[proxy_ar_sets] UNDOCUMENTED keys (not in __doc__): ['ar_bound_stat', 'ar_bounded_all', 'critical_value', 'first_stage_f', 'impact']
[proxy_first_stage] UNDOCUMENTED keys (not in __doc__): ['beta', 'effective_f', 'f_classical', 'f_hc1', 'mop_cv_tau20', 'mop_cv_tau30', 'mop_cv_tau5', 'reliability', 'se']
[proxy_svar] phantom candidates (in doc key list, not returned): ['mop_cv_tau10', 'proxy_first_stage', 'robust_f', 'tau_bound', 'u_norm']
[proxy_svar_bands] UNDOCUMENTED keys (not in __doc__): ['block_length', 'first_stage_f_draws', 'gamma_norm_draws', 'method', 'n_boot', 'n_proxy', 'n_used', 'point', 'point_first_stage_f', 'point_gamma_norm', 'point_reliability', 'reliability_draws', 'rho_draws', 'se']
[quantile_lp] UNDOCUMENTED keys (not in __doc__): ['horizons']
[quantile_regression] UNDOCUMENTED keys (not in __doc__): ['converged', 'iterations', 'tvalues']
[recession_probit] phantom candidates (in doc key list, not returned): ['rho']
[reset_test] UNDOCUMENTED keys (not in __doc__): ['df_den', 'df_num', 'fstat', 'pvalue']
[robust_svar_bounds] non-finite (UNDOCUMENTED): [('$.set_lower_mean', 'array(7, 3, 3) nan=42 inf=0'), ('$.set_upper_mean', 'array(7, 3, 3) nan=42 inf=0'), ('$.robust_ci_lower', 'array(7, 3, 3) nan=42 inf=0'), ('$.robust_ci_upper', 'array(7, 3, 3) nan=42 inf=0'), ('$.lower_quantiles', 'array(7, 3, 3, 5) nan=210 inf=0'), ('$.upper_quantiles', 'array(7, 3, 3, 5) nan=210 inf=0')]
[robust_svar_bounds] UNDOCUMENTED keys (not in __doc__): ['alpha', 'diagnostics', 'lower_quantiles', 'probs', 'restricted_shocks', 'robust_ci_lower', 'robust_ci_upper', 'set_lower_mean', 'set_upper_mean', 'upper_quantiles']
[setar] UNDOCUMENTED keys (not in __doc__): ['ic_used', 'min_regime', 'n_high', 'n_low', 'sigma2_high', 'sigma2_low']
[setar] phantom candidates (in doc key list, not returned): ['n_j', 'p']
[smooth_lp] UNDOCUMENTED keys (not in __doc__): ['cv_scores', 'lambda_used']
[spread_zscore] phantom candidates (in doc key list, not returned): ['ou_fit']
[star] phantom candidates (in doc key list, not returned): ['n_c', 'n_gamma']
[summarize] UNDOCUMENTED keys (not in __doc__): ['b']
[sup_f_test] UNDOCUMENTED keys (not in __doc__): ['p_value', 'stat']
[svensson] UNDOCUMENTED keys (not in __doc__): ['residuals']
[threshold_var] phantom candidates (in doc key list, not returned): ['n_r', 'y_']
[umidas] UNDOCUMENTED keys (not in __doc__): ['bse', 'rsquared']
[var_backtest] UNDOCUMENTED keys (not in __doc__): ['dq_df', 'dq_includes_var', 'dq_lags', 'dq_stat', 'dq_var_dropped', 'expected_violations', 'hit_rate', 'lr_cc', 'lr_ind', 'lr_uc', 'n', 'n00', 'n01', 'n10', 'n11', 'n_violations', 'p_cc', 'p_dq', 'p_ind', 'p_uc', 'pi01', 'pi11', 'verdict']
[var_fit] phantom candidates (in doc key list, not returned): ['lags', 'n_trend', 't']
[var_granger] UNDOCUMENTED keys (not in __doc__): ['df_den', 'df_num', 'p_value', 'statistic']
[var_irf_bands] phantom candidates (in doc key list, not returned): ['None', 'var_irf']
[vecm] phantom candidates (in doc key list, not returned): ['n_coint', 'n_det']
[zero_sign_svar] UNDOCUMENTED keys (not in __doc__): ['arw_weighted']

REACHED 162/162 canonical calls
