[accuracy] DIFFER (runtime 39 chars, stub 63 chars)  keys named NOWHERE=['mae', 'mape', 'mase', 'me', 'rmse', 'rmsse', 'smape']
[acf] DIFFER (runtime 123 chars, stub 55 chars)  runtime-only keys=['acf']  keys named NOWHERE=['bartlett_se']
[acm_term_premium] DIFFER (runtime 1989 chars, stub 1288 chars)  runtime-only keys=['rx_rsquared', 'short_rate_rsquared', 'var_rsquared', 'yield_rsquared']
[adaptive_lasso] DIFFER (runtime 373 chars, stub 89 chars)  stub-only keys=['coef', 'max_change', 'n_iter']  keys named NOWHERE=['max_rel_change']
[adf] DIFFER (runtime 240 chars, stub 53 chars)  keys named NOWHERE=['crit', 'nobs', 'p_value', 'statistic', 'used_lag']
[afns_adjustment] DIFFER (runtime 273 chars, stub 105 chars)
[ar_loglik] DIFFER (runtime 206 chars, stub 62 chars)
[arch_lm] DIFFER (runtime 57 chars, stub 56 chars)  keys named NOWHERE=['df', 'nobs', 'p_value', 'statistic']
[arima_fit] DIFFER (runtime 3911 chars, stub 1514 chars)  runtime-only keys=['aic', 'bic', 'forecast_lower', 'forecast_mean', 'forecast_se', 'forecast_upper', 'loglik', 'param_names', 'params', 'residuals']
[auto_arima] DIFFER (runtime 2596 chars, stub 1240 chars)  runtime-only keys=['boundary', 'boundary_note', 'bse', 'cov_ok', 'loglik', 'param_cov', 'param_names', 'params', 'residuals', 'se_valid']
[backtest] DIFFER (runtime 2470 chars, stub 1036 chars)  keys named NOWHERE=['n_origins']
[bai_perron] DIFFER (runtime 672 chars, stub 221 chars)  keys named NOWHERE=['break_dates', 'break_dates_by_m', 'bse', 'ci_lower_90', 'ci_lower_95', 'ci_scale', 'ci_upper_90', 'ci_upper_95', 'h', 'n_breaks', 'params', 'regime_ends', 'regime_ssr', 'regime_starts', 'ssr_path', 'sup_f_crit', 'sup_f_seq']
[bk_filter] DIFFER (runtime 104 chars, stub 64 chars)  runtime-only keys=['first_index']  keys named NOWHERE=['cycle']
[bn_decomposition] DIFFER (runtime 1755 chars, stub 605 chars)
[bn_filter] DIFFER (runtime 1839 chars, stub 541 chars)
[bns_jump_test] DIFFER (runtime 479 chars, stub 215 chars)
[bootstrap_indices] DIFFER (runtime 224 chars, stub 62 chars)
[box_cox_lambda] DIFFER (runtime 1253 chars, stub 73 chars)  runtime-only keys=['at_bound', 'interpretation', 'loglik_at_one', 'loglik_at_zero', 'lower', 'lr_vs_one', 'lr_vs_zero', 'method', 'n', 'period', 'upper']
[bvar_fit] DIFFER (runtime 1778 chars, stub 722 chars)
[bvar_hierarchical] DIFFER (runtime 1770 chars, stub 484 chars)  keys named NOWHERE=['converged', 'grid_lambda1', 'grid_log_ml', 'lambda1_fixed_log_ml', 'lambda3_opt', 'log_marginal_likelihood', 'log_posterior', 'n_evals', 'posterior_mean_coefs', 'sigma_posterior_mean']
[bvar_irf_draws] DIFFER (runtime 594 chars, stub 75 chars)
[bvar_ssvs] DIFFER (runtime 1585 chars, stub 370 chars)  runtime-only keys=['coef_mean', 'diagnostics', 'inclusion_prob', 'irf_draws', 'sigma_mean']
[ccc_garch] DIFFER (runtime 2422 chars, stub 1281 chars)
[cf_filter] DIFFER (runtime 64 chars, stub 50 chars)  keys named NOWHERE=['cycle', 'first_index', 'trend']
[cg_regression] DIFFER (runtime 704 chars, stub 268 chars)  runtime-only keys=['maxlags', 'nobs']  keys named NOWHERE=['p_slope', 'se_intercept', 'se_slope', 't_slope']
[check_series] DIFFER (runtime 743 chars, stub 960 chars)  stub-only keys=['descriptives', 'outliers', 'seasonality']  runtime-only keys=['kind']  keys named NOWHERE=['analysis_scale', 'arch_effects', 'breaks', 'long_memory', 'multiple_testing', 'normality', 'serial_correlation', 'stationarity', 'tests_run']
[check_stationarity] DIFFER (runtime 170 chars, stub 68 chars)  runtime-only keys=['interpretation']  keys named NOWHERE=['adf_p_value', 'adf_statistic', 'alpha', 'kpss_p_value', 'kpss_statistic']
[chow_test] DIFFER (runtime 218 chars, stub 68 chars)  keys named NOWHERE=['df_den', 'df_num', 'fstat', 'pvalue', 'ssr1', 'ssr2', 'ssr_pooled']
[coherence] DIFFER (runtime 288 chars, stub 187 chars)  runtime-only keys=['freqs']
[conformal_backtest] DIFFER (runtime 1601 chars, stub 665 chars)  runtime-only keys=['alpha', 'err', 'level', 'lower', 'mean', 'realized_coverage', 'upper']
[conformal_forecast] DIFFER (runtime 4005 chars, stub 1335 chars)  runtime-only keys=['n_calib']
[connectedness] DIFFER (runtime 376 chars, stub 131 chars)  stub-only keys=['gfevd']
[copula_fit] IDENTICAL
[copula_select] IDENTICAL
[cusum_test] DIFFER (runtime 269 chars, stub 84 chars)  runtime-only keys=['bound_lower', 'bound_upper']  keys named NOWHERE=['sigma']
[cv_splits] DIFFER (runtime 1608 chars, stub 601 chars)
[cw_test] DIFFER (runtime 142 chars, stub 59 chars)  keys named NOWHERE=['cw_stat', 'mean_adj_diff', 'p_value']
[dcc_garch] DIFFER (runtime 5304 chars, stub 1943 chars)
[dcc_test] DIFFER (runtime 1453 chars, stub 596 chars)
[dcs_local_level] DIFFER (runtime 1697 chars, stub 497 chars)  keys named NOWHERE=['kappa_se', 'nu_se', 'scale_se']
[dfgls] DIFFER (runtime 980 chars, stub 965 chars)
[dfm_news] DIFFER (runtime 688 chars, stub 278 chars)  runtime-only keys=['target_period', 'target_series']
[dfm_nowcast] DIFFER (runtime 3112 chars, stub 707 chars)
[dm_test] DIFFER (runtime 108 chars, stub 66 chars)  keys named NOWHERE=['dm_stat', 'hln_stat', 'mean_loss_diff', 'p_value']
[dsge_solve] DIFFER (runtime 449 chars, stub 156 chars)
[dynamic_ns] DIFFER (runtime 718 chars, stub 201 chars)
[elastic_net] DIFFER (runtime 254 chars, stub 59 chars)  keys named NOWHERE=['coef', 'max_change', 'max_rel_change', 'n_iter']
[engle_granger] DIFFER (runtime 873 chars, stub 95 chars)  runtime-only keys=['pvalue']  keys named NOWHERE=['adf_nobs', 'coint_coefs', 'n_vars', 'nobs', 'resid', 'used_lag']
[factor_model] DIFFER (runtime 420 chars, stub 166 chars)  stub-only keys=['er']  keys named NOWHERE=['er_ratios']
[favar] DIFFER (runtime 866 chars, stub 204 chars)
[flp] DIFFER (runtime 963 chars, stub 419 chars)  stub-only keys=['betas', 'horizons', 'n_factors', 'nobs']
[flp_scenario] DIFFER (runtime 438 chars, stub 177 chars)  stub-only keys=['betas', 'explained', 'horizons', 'se']
[forecast_disagreement] DIFFER (runtime 353 chars, stub 86 chars)  runtime-only keys=['counts', 'p25', 'p50', 'p75']
[forecast_efficiency] DIFFER (runtime 519 chars, stub 178 chars)  runtime-only keys=['bse', 'params', 'pvalues', 'r_squared', 'tvalues', 'wald', 'wald_df', 'wald_pvalue']
[frac_diff] DIFFER (runtime 210 chars, stub 59 chars)
[frac_integrate] DIFFER (runtime 69 chars, stub 58 chars)
[fry_pagan_svar] DIFFER (runtime 144 chars, stub 1152 chars)  stub-only keys=['diagnostics', 'median_irf', 'median_target_irf', 'mt_index', 'mt_statistic', 'n_accepted']
[functional_pca] DIFFER (runtime 384 chars, stub 215 chars)  stub-only keys=['mean_curve', 'total_variance']
[fvar_scenario] DIFFER (runtime 716 chars, stub 326 chars)  stub-only keys=['horizons', 'implied_outcome_innovation', 'response_outcome']
[garch_fit] DIFFER (runtime 4134 chars, stub 1350 chars)  runtime-only keys=['aic', 'bic', 'loglik', 'se_mle', 'se_robust', 'std_residuals']
[gas_volatility] DIFFER (runtime 592 chars, stub 206 chars)  keys named NOWHERE=['converged', 'iterations']
[gev_fit] DIFFER (runtime 717 chars, stub 844 chars)  stub-only keys=['converged', 'loglik', 'n_maxima', 'se_mu', 'se_sigma', 'se_xi']
[gmm_nonlinear] DIFFER (runtime 819 chars, stub 584 chars)
[gpd_fit] DIFFER (runtime 875 chars, stub 1010 chars)  stub-only keys=['beta', 'converged', 'exceed_rate', 'loglik', 'se_beta', 'se_xi', 'threshold_quantile']
[growth_at_risk] DIFFER (runtime 1431 chars, stub 889 chars)  keys named NOWHERE=['fitted_raw']
[gw_test] DIFFER (runtime 125 chars, stub 63 chars)  keys named NOWHERE=['df', 'gw_stat', 'p_value']
[hamilton_filter] DIFFER (runtime 2053 chars, stub 869 chars)
[hansen_seo_test] DIFFER (runtime 1892 chars, stub 796 chars)
[har_rv] DIFFER (runtime 1133 chars, stub 603 chars)  runtime-only keys=['params', 'rsquared']  keys named NOWHERE=['nobs']
[hetero_svar] DIFFER (runtime 347 chars, stub 1383 chars)  stub-only keys=['covariance_equality', 'horizon', 'lags', 'min_ratio_gap', 'n_vars', 'ratio_dist_from_unity', 'regime1_label', 'regime2_label', 'regime_sizes', 'sigma_regime1', 'sigma_regime2', 'sign_convention', 'structural_irf', 'variance_ratios']
[heteroskedasticity_test] DIFFER (runtime 279 chars, stub 86 chars)  runtime-only keys=['df', 'pvalue', 'statistic']  keys named NOWHERE=['f_pvalue', 'fstat']
[historical_decomposition] DIFFER (runtime 117 chars, stub 1335 chars)  stub-only keys=['baseline', 'hd', 'shocks', 'times']
[hp_filter] DIFFER (runtime 137 chars, stub 75 chars)  keys named NOWHERE=['cycle', 'first_index', 'trend']
[iv_gmm] DIFFER (runtime 2949 chars, stub 1493 chars)  stub-only keys=['nmoments', 'nobs', 'nparams', 'steps']
[ivx_test] DIFFER (runtime 1987 chars, stub 923 chars)  stub-only keys=['nobs', 'nregressors']
[jarque_bera] DIFFER (runtime 27 chars, stub 71 chars)  stub-only keys=['kurtosis', 'n', 'p_value', 'skewness', 'statistic']
[johansen] DIFFER (runtime 799 chars, stub 335 chars)  stub-only keys=['eig']  keys named NOWHERE=['max_eig_crit_90_95_99', 'max_eig_stat', 'rank_max_eig_5pct', 'rank_trace_5pct', 'trace_crit_90_95_99', 'trace_stat']
[kpss] DIFFER (runtime 261 chars, stub 42 chars)  keys named NOWHERE=['lags', 'p_value', 'statistic']
[lasso] DIFFER (runtime 51 chars, stub 40 chars)  keys named NOWHERE=['coef', 'max_change', 'max_rel_change', 'n_iter']
[lasso_path] DIFFER (runtime 503 chars, stub 110 chars)
[ljung_box] IDENTICAL  keys named NOWHERE=['bp_pvalue', 'bp_stat', 'lb_pvalue', 'lb_stat']
[local_level_smooth] DIFFER (runtime 295 chars, stub 67 chars)  runtime-only keys=['loglik']  keys named NOWHERE=['d_diffuse', 'filtered_state', 'filtered_state_var', 'smoothed_state', 'smoothed_state_var']
[long_memory_d] DIFFER (runtime 725 chars, stub 456 chars)
[long_run_svar] DIFFER (runtime 265 chars, stub 440 chars)
[long_run_variance] DIFFER (runtime 188 chars, stub 59 chars)
[lp] DIFFER (runtime 3597 chars, stub 2315 chars)  runtime-only keys=['irf']
[lp_did] DIFFER (runtime 1670 chars, stub 1059 chars)
[lp_iv] DIFFER (runtime 1644 chars, stub 1156 chars)  runtime-only keys=['irf', 'se']  keys named NOWHERE=['first_stage_f']
[lp_multiplier] DIFFER (runtime 2079 chars, stub 1054 chars)  runtime-only keys=['cumulative_impulse', 'cumulative_outcome', 'first_stage_f']  keys named NOWHERE=['nobs_per_h']
[lp_state] DIFFER (runtime 1986 chars, stub 1412 chars)  runtime-only keys=['irf_state0', 'irf_state1', 'se_state0', 'se_state1']
[markov_switching_ar] DIFFER (runtime 1154 chars, stub 568 chars)  runtime-only keys=['expected_durations', 'loglik', 'transition', 'variances']
[max_share_svar] DIFFER (runtime 994 chars, stub 779 chars)
[mcmc_diagnostics] DIFFER (runtime 163 chars, stub 60 chars)  keys named NOWHERE=['ess_bulk', 'ess_tail', 'rhat']
[mean_group_var] DIFFER (runtime 952 chars, stub 75 chars)  runtime-only keys=['coefs', 'coefs_se', 'intercept', 'intercept_se', 'irf_path', 'irf_path_se', 'lags', 'n_entities', 'neqs', 'orth_irfs', 'orth_irfs_se']
[midas_weights] DIFFER (runtime 191 chars, stub 55 chars)
[mstl] DIFFER (runtime 1831 chars, stub 879 chars)
[narrative_svar] DIFFER (runtime 156 chars, stub 764 chars)  stub-only keys=['diagnostics', 'probs', 'quantiles', 'set_max', 'set_min']
[ndiffs] DIFFER (runtime 803 chars, stub 70 chars)  runtime-only keys=['alpha', 'd', 'interpretation', 'max_d', 'steps', 'stop']
[nelson_siegel] DIFFER (runtime 464 chars, stub 156 chars)
[ng_perron] DIFFER (runtime 1264 chars, stub 1170 chars)
[nongaussian_svar] DIFFER (runtime 869 chars, stub 1186 chars)  stub-only keys=['converged', 'irf', 'n_iter', 'order']
[nsdiffs] DIFFER (runtime 950 chars, stub 355 chars)
[ols] DIFFER (runtime 1648 chars, stub 473 chars)  runtime-only keys=['bse', 'se_type']  keys named NOWHERE=['params', 'tvalues']
[optimal_block_length] DIFFER (runtime 166 chars, stub 67 chars)
[ou_fit] DIFFER (runtime 2091 chars, stub 1307 chars)
[pacf] DIFFER (runtime 91 chars, stub 60 chars)
[panel_fe] DIFFER (runtime 454 chars, stub 384 chars)  keys named NOWHERE=['bse', 'params', 'tvalues']
[panel_lp] DIFFER (runtime 2996 chars, stub 2409 chars)  stub-only keys=['irf', 'nobs']
[panel_mean_group] DIFFER (runtime 656 chars, stub 217 chars)
[panel_pmg] DIFFER (runtime 1901 chars, stub 1148 chars)  stub-only keys=['n_units']
[panel_unit_root] DIFFER (runtime 647 chars, stub 614 chars)  stub-only keys=['n_units', 'p_value', 'per_unit_tstat', 'statistic', 't_bar']  keys named NOWHERE=['per_unit_lags', 'per_unit_nobs', 'per_unit_pvalue']
[periodogram] DIFFER (runtime 351 chars, stub 204 chars)
[phillips_ouliaris] DIFFER (runtime 534 chars, stub 80 chars)  runtime-only keys=['crit', 'pvalue']  keys named NOWHERE=['lags', 'n_vars', 'nobs', 'stat']
[phillips_perron] DIFFER (runtime 275 chars, stub 71 chars)  runtime-only keys=['lags']  keys named NOWHERE=['crit', 'nobs', 'pvalue', 'stat', 'zalpha', 'ztau']
[philox_uniforms] DIFFER (runtime 118 chars, stub 61 chars)
[predictive_regression] DIFFER (runtime 949 chars, stub 187 chars)  runtime-only keys=['nobs']
[proxy_ar_sets] DIFFER (runtime 4405 chars, stub 2114 chars)  runtime-only keys=['cells']  keys named NOWHERE=['ar_bound_stat', 'ar_bounded_all', 'critical_value', 'first_stage_f', 'impact']
[proxy_first_stage] DIFFER (runtime 1826 chars, stub 1281 chars)  stub-only keys=['beta', 'effective_f', 'f_classical', 'f_hc1', 'mop_cv_tau5', 'reliability', 'se']  runtime-only keys=['mop_cv_tau10']  keys named NOWHERE=['mop_cv_tau20', 'mop_cv_tau30']
[proxy_svar] DIFFER (runtime 1626 chars, stub 974 chars)
[proxy_svar_bands] DIFFER (runtime 1896 chars, stub 849 chars)  runtime-only keys=['alpha', 'failure_warning']  keys named NOWHERE=['block_length', 'first_stage_f_draws', 'gamma_norm_draws', 'method', 'n_boot', 'n_proxy', 'n_used', 'point', 'point_first_stage_f', 'point_gamma_norm', 'point_reliability', 'reliability_draws', 'rho_draws', 'se']
[pseudo_obs] IDENTICAL
[quantile_lp] DIFFER (runtime 904 chars, stub 485 chars)  runtime-only keys=['taus']  keys named NOWHERE=['horizons']
[quantile_regression] DIFFER (runtime 471 chars, stub 384 chars)  stub-only keys=['converged', 'iterations', 'tvalues']
[realized_measures] DIFFER (runtime 338 chars, stub 68 chars)  runtime-only keys=['rv']
[realized_quarticity] DIFFER (runtime 258 chars, stub 50 chars)
[realized_range] DIFFER (runtime 286 chars, stub 71 chars)
[recession_probit] DIFFER (runtime 576 chars, stub 209 chars)
[reset_test] DIFFER (runtime 143 chars, stub 48 chars)  keys named NOWHERE=['df_den', 'df_num', 'fstat', 'pvalue']
[ridge] DIFFER (runtime 166 chars, stub 63 chars)
[robust_svar_bounds] DIFFER (runtime 120 chars, stub 1189 chars)  stub-only keys=['alpha', 'diagnostics', 'lower_quantiles', 'probs', 'restricted_shocks', 'robust_ci_lower', 'robust_ci_upper', 'set_lower_mean', 'set_upper_mean', 'upper_quantiles']
[seasonal_strength] DIFFER (runtime 418 chars, stub 237 chars)
[setar] DIFFER (runtime 1421 chars, stub 911 chars)  stub-only keys=['ic_used', 'min_regime', 'n_high', 'n_low', 'sigma2_high', 'sigma2_low']
[setar_test] DIFFER (runtime 1216 chars, stub 556 chars)
[sign_restricted_svar] DIFFER (runtime 507 chars, stub 321 chars)
[smooth_lp] DIFFER (runtime 3074 chars, stub 2164 chars)  stub-only keys=['cv_scores', 'lambda_used']
[spread_zscore] DIFFER (runtime 1170 chars, stub 619 chars)
[star] DIFFER (runtime 2203 chars, stub 972 chars)
[star_eval] DIFFER (runtime 898 chars, stub 364 chars)
[star_test] DIFFER (runtime 1565 chars, stub 701 chars)
[stl] DIFFER (runtime 912 chars, stub 460 chars)
[structural_fevd] DIFFER (runtime 737 chars, stub 598 chars)
[summarize] DIFFER (runtime 326 chars, stub 437 chars)  keys named NOWHERE=['b']
[sup_f_test] DIFFER (runtime 533 chars, stub 160 chars)  stub-only keys=['p_value', 'stat']  runtime-only keys=['h']
[svensson] DIFFER (runtime 244 chars, stub 65 chars)  runtime-only keys=['factors', 'lambda1', 'lambda2', 'rsquared']  keys named NOWHERE=['residuals']
[theta_forecast] DIFFER (runtime 511 chars, stub 307 chars)
[threshold_var] DIFFER (runtime 1724 chars, stub 782 chars)
[threshold_var_test] DIFFER (runtime 1471 chars, stub 544 chars)
[threshold_vecm] DIFFER (runtime 2190 chars, stub 1011 chars)
[tripower_quarticity] DIFFER (runtime 237 chars, stub 68 chars)
[umidas] DIFFER (runtime 210 chars, stub 71 chars)  runtime-only keys=['params']  keys named NOWHERE=['bse', 'rsquared']
[var_backtest] DIFFER (runtime 759 chars, stub 739 chars)  stub-only keys=['verdict']  keys named NOWHERE=['dq_df', 'dq_includes_var', 'dq_lags', 'dq_stat', 'dq_var_dropped', 'expected_violations', 'hit_rate', 'lr_cc', 'lr_ind', 'lr_uc', 'n', 'n00', 'n01', 'n10', 'n11', 'n_violations', 'p_cc', 'p_dq', 'p_ind', 'p_uc', 'pi01', 'pi11']
[var_fevd] DIFFER (runtime 479 chars, stub 562 chars)
[var_fit] DIFFER (runtime 1422 chars, stub 676 chars)
[var_forecast] DIFFER (runtime 2313 chars, stub 1567 chars)
[var_granger] DIFFER (runtime 137 chars, stub 62 chars)  keys named NOWHERE=['df_den', 'df_num', 'p_value', 'statistic']
[var_irf] DIFFER (runtime 304 chars, stub 143 chars)
[var_irf_bands] DIFFER (runtime 3490 chars, stub 2907 chars)
[vecm] DIFFER (runtime 2915 chars, stub 1195 chars)
[weighted_midas] DIFFER (runtime 928 chars, stub 89 chars)  runtime-only keys=['converged', 'fitted', 'intercept', 'iterations', 'residuals', 'rsquared', 'scheme', 'slope', 'ssr', 'weight_params']
[welch] DIFFER (runtime 353 chars, stub 177 chars)  runtime-only keys=['freqs', 'psd']
[zero_sign_svar] DIFFER (runtime 841 chars, stub 1215 chars)  keys named NOWHERE=['arw_weighted']
[zivot_andrews] DIFFER (runtime 1399 chars, stub 1055 chars)

identical=4 stub_longer=15 runtime_longer=143 of 162
