[CARD-DEFAULT] diagnostics.md:89 `adf.autolag` card default 'aic' != runtime Ellipsis
[CARD-ARG] diagnostics.md:260 `check_stationarity` table names argument `seasonal` the function does not accept
[CARD-ARG] diagnostics.md:261 `check_stationarity` table names argument `trend` the function does not accept
[CARD-ARG] diagnostics.md:262 `check_stationarity` table names argument `low_pass` the function does not accept
[CARD-ARG] diagnostics.md:263 `check_stationarity` table names argument `seasonal_deg` the function does not accept
[CARD-ARG] diagnostics.md:263 `check_stationarity` table names argument `trend_deg` the function does not accept
[CARD-ARG] diagnostics.md:263 `check_stationarity` table names argument `low_pass_deg` the function does not accept
[CARD-ARG] diagnostics.md:264 `check_stationarity` table names argument `robust` the function does not accept
[CARD-ARG] diagnostics.md:266 `check_stationarity` table names argument `inner_iter` the function does not accept
[CARD-ARG] diagnostics.md:266 `check_stationarity` table names argument `outer_iter` the function does not accept
[CARD-ARG] diagnostics.md:411 `check_stationarity` table names argument `periods` the function does not accept
[CARD-ARG] diagnostics.md:412 `check_stationarity` table names argument `windows` the function does not accept
[CARD-ARG] diagnostics.md:413 `check_stationarity` table names argument `iterate` the function does not accept
[CARD-ARG] diagnostics.md:414 `check_stationarity` table names argument `STL kwargs` the function does not accept
[CARD-DEFAULT] forecasting.md:117 `backtest.forecaster` card default 'naive' != runtime None
[CARD-DEFAULT] forecasting.md:118 `backtest.period` card default 1 != runtime None
[CARD-KEYS] machine-learning.md: `adaptive_lasso` complete list omits returned keys: ['max_rel_change']
[CARD-KEYS] panel.md: `panel_lp` complete list omits returned keys: ['bias_correction', 'cumulative', 'jackknife', 'se_type']
[CARD-KEYS] panel.md: `lp_did` complete list omits returned keys: ['absorbing', 'never_treated_only', 'nonabsorbing_lag', 'pooled', 'reweight', 'se_type']
checked 113 card default rows and 31 card key lists
