[accuracy] UNKNOWN KWARGS in api.md call snippet: ['None', 'int']
[acf] UNKNOWN KWARGS in api.md call snippet: ['bool', 'int']
[acm_term_premium] UNKNOWN KWARGS in api.md call snippet: ['float', 'int']
[adaptive_lasso] UNKNOWN KWARGS in api.md call snippet: ['float', 'int']
[adf] DOC DEFAULT MISMATCH autolag: doc says 'aic', runtime Ellipsis  <- '`autolag`: "aic" (default)'
[adf] DOC DEFAULT MISMATCH autolag: doc says 'aic', runtime Ellipsis  <- '`autolag`: "aic" (default)'
[adf] UNKNOWN KWARGS in api.md call snippet: ['None', 'str']
[afns_adjustment] UNKNOWN KWARGS in api.md call snippet: ['float']
[ar_loglik] UNKNOWN KWARGS in api.md call snippet: ['float']
[arch_lm] UNKNOWN KWARGS in api.md call snippet: ['int']
[arima_fit] UNKNOWN KWARGS in api.md call snippet: ['None', 'bool', 'int']
[auto_arima] UNKNOWN KWARGS in api.md call snippet: ['None', 'bool', 'float', 'int', 'str']
[backtest] UNKNOWN KWARGS in api.md call snippet: ['None', 'int', 'str']
[bai_perron] UNKNOWN KWARGS in api.md call snippet: ['float', 'int']
[bk_filter] UNKNOWN KWARGS in api.md call snippet: ['float', 'int']
[bn_decomposition] UNKNOWN KWARGS in api.md call snippet: ['None', 'int']
[bn_filter] DOC DEFAULT MISMATCH dt: doc says 0.01, runtime None  <- '`dt` (defaults 0.01'
[bn_filter] UNKNOWN KWARGS in api.md call snippet: ['None', 'int', 'str']
[bootstrap_indices] UNKNOWN KWARGS in api.md call snippet: ['None', 'int', 'str']
[box_cox_lambda] UNKNOWN KWARGS in api.md call snippet: ['None', 'str']
[bvar_fit] UNKNOWN KWARGS in api.md call snippet: ['float', 'int']
[bvar_hierarchical] UNKNOWN KWARGS in api.md call snippet: ['float', 'int', 'str']
[bvar_irf_draws] UNKNOWN KWARGS in api.md call snippet: ['bool', 'float', 'int']
[bvar_ssvs] UNKNOWN KWARGS in api.md call snippet: ['None', 'bool', 'float', 'int']
[ccc_garch] UNKNOWN KWARGS in api.md call snippet: ['None', 'int', 'str']
[cf_filter] UNKNOWN KWARGS in api.md call snippet: ['bool', 'float']
[cg_regression] UNKNOWN KWARGS in api.md call snippet: ['None', 'bool']
[check_series] UNKNOWN KWARGS in api.md call snippet: ['None', 'float', 'int']
[check_stationarity] UNKNOWN KWARGS in api.md call snippet: ['float']
[coherence] UNKNOWN KWARGS in api.md call snippet: ['None', 'float', 'int', 'str']
[conformal_backtest] DOC DEFAULT MISMATCH gamma: doc says 0.005, runtime None  <- '`gamma`, default 0.005'
[conformal_backtest] UNKNOWN KWARGS in api.md call snippet: ['None', 'float', 'int', 'str']
[conformal_forecast] UNKNOWN KWARGS in api.md call snippet: ['None', 'float', 'int', 'str']
[connectedness] UNKNOWN KWARGS in api.md call snippet: ['int', 'str']
[copula_fit] UNKNOWN KWARGS in api.md call snippet: ['str']
[copula_select] UNKNOWN KWARGS in api.md call snippet: ['None', 'str']
[cv_splits] UNKNOWN KWARGS in api.md call snippet: ['int', 'str']
[cw_test] UNKNOWN KWARGS in api.md call snippet: ['int']
[dcc_garch] UNKNOWN KWARGS in api.md call snippet: ['None', 'int', 'str']
[dcc_test] UNKNOWN KWARGS in api.md call snippet: ['None', 'int', 'str']
[dcs_local_level] UNKNOWN KWARGS in api.md call snippet: ['str']
[dfgls] UNKNOWN KWARGS in api.md call snippet: ['None', 'str']
[dfm_news] UNKNOWN KWARGS in api.md call snippet: ['None', 'int']
[dfm_nowcast] UNKNOWN KWARGS in api.md call snippet: ['int', 'str']
[dm_test] UNKNOWN KWARGS in api.md call snippet: ['int', 'str']
[dynamic_ns] UNKNOWN KWARGS in api.md call snippet: ['float']
[elastic_net] UNKNOWN KWARGS in api.md call snippet: ['float', 'int']
[engle_granger] DOC DEFAULT MISMATCH maxlag: doc says 'aic', runtime None  <- '`maxlag` are the residual-ADF lag rule: "aic" (default)'
[engle_granger] UNKNOWN KWARGS in api.md call snippet: ['None', 'str']
[factor_model] UNKNOWN KWARGS in api.md call snippet: ['int']
[favar] UNKNOWN KWARGS in api.md call snippet: ['None', 'bool', 'int', 'str']
[flp] UNKNOWN KWARGS in api.md call snippet: ['None', 'int']
[flp_scenario] UNKNOWN KWARGS in api.md call snippet: ['None', 'int']
[forecast_disagreement] UNKNOWN KWARGS in api.md call snippet: ['int']
[forecast_efficiency] UNKNOWN KWARGS in api.md call snippet: ['None', 'bool']
[fry_pagan_svar] UNKNOWN KWARGS in api.md call snippet: ['float', 'int', 'str']
[functional_pca] UNKNOWN KWARGS in api.md call snippet: ['int']
[fvar_scenario] UNKNOWN KWARGS in api.md call snippet: ['int']
[garch_fit] UNKNOWN KWARGS in api.md call snippet: ['None', 'int', 'str']
[gas_volatility] UNKNOWN KWARGS in api.md call snippet: ['int', 'str']
[gev_fit] UNKNOWN KWARGS in api.md call snippet: ['None']
[gmm_nonlinear] UNKNOWN KWARGS in api.md call snippet: ['None']
[gpd_fit] UNKNOWN KWARGS in api.md call snippet: ['None', 'float']
[growth_at_risk] UNKNOWN KWARGS in api.md call snippet: ['None', 'bool', 'int']
[gw_test] UNKNOWN KWARGS in api.md call snippet: ['int']
[hamilton_filter] UNKNOWN KWARGS in api.md call snippet: ['None', 'int', 'str']
[hansen_seo_test] UNKNOWN KWARGS in api.md call snippet: ['None', 'float', 'int']
[har_rv] DOC DEFAULT MISMATCH use_correction: doc says False, runtime True  <- 'use_correction=False` to reproduce a default'
[har_rv] UNKNOWN KWARGS in api.md call snippet: ['bool', 'int', 'str']
[hetero_svar] UNKNOWN KWARGS in api.md call snippet: ['None', 'int', 'str']
[heteroskedasticity_test] UNKNOWN KWARGS in api.md call snippet: ['str']
[historical_decomposition] UNKNOWN KWARGS in api.md call snippet: ['None', 'float', 'int', 'str']
[hp_filter] UNKNOWN KWARGS in api.md call snippet: ['bool', 'float']
[iv_gmm] UNKNOWN KWARGS in api.md call snippet: ['None', 'float', 'int', 'str']
[ivx_test] UNKNOWN KWARGS in api.md call snippet: ['float', 'str']
[johansen] UNKNOWN KWARGS in api.md call snippet: ['int']
[kpss] DOC DEFAULT MISMATCH nlags: doc says 'auto', runtime None  <- '`nlags`: "auto" (Hobijn-Franses-Ooms, default)'
[kpss] UNKNOWN KWARGS in api.md call snippet: ['None', 'str']
[lasso] UNKNOWN KWARGS in api.md call snippet: ['float', 'int']
[lasso_path] UNKNOWN KWARGS in api.md call snippet: ['float', 'int']
[ljung_box] UNKNOWN KWARGS in api.md call snippet: ['int']
[long_memory_d] UNKNOWN KWARGS in api.md call snippet: ['None', 'str']
[long_run_svar] UNKNOWN KWARGS in api.md call snippet: ['None', 'int', 'str']
[long_run_variance] UNKNOWN KWARGS in api.md call snippet: ['None', 'str']
[lp] UNKNOWN KWARGS in api.md call snippet: ['None', 'float', 'int']
[lp_did] UNKNOWN KWARGS in api.md call snippet: ['bool', 'int']
[lp_iv] UNKNOWN KWARGS in api.md call snippet: ['None', 'float', 'int']
[lp_multiplier] UNKNOWN KWARGS in api.md call snippet: ['None', 'float', 'int']
[lp_state] UNKNOWN KWARGS in api.md call snippet: ['None', 'float', 'int']
[markov_switching_ar] UNKNOWN KWARGS in api.md call snippet: ['bool', 'float', 'int']
[max_share_svar] UNKNOWN KWARGS in api.md call snippet: ['bool', 'int', 'str']
[mean_group_var] UNKNOWN KWARGS in api.md call snippet: ['int', 'str']
[mstl] UNKNOWN KWARGS in api.md call snippet: ['None', 'bool', 'int']
[narrative_svar] UNKNOWN KWARGS in api.md call snippet: ['None', 'float', 'int']
[ndiffs] UNKNOWN KWARGS in api.md call snippet: ['float', 'int', 'str']
[nelson_siegel] UNKNOWN KWARGS in api.md call snippet: ['bool', 'float']
[ng_perron] UNKNOWN KWARGS in api.md call snippet: ['None', 'str']
[nongaussian_svar] UNKNOWN KWARGS in api.md call snippet: ['float', 'int', 'str']
[nsdiffs] UNKNOWN KWARGS in __doc__ call snippet: ['test']
[nsdiffs] UNKNOWN KWARGS in api.md call snippet: ['float', 'int']
[nsdiffs] UNKNOWN KWARGS in diagnostics.md call snippet: ['test']
[ols] DOC DEFAULT MISMATCH use_correction: doc says False, runtime True  <- 'use_correction=False` to reproduce a default'
[ols] UNKNOWN KWARGS in api.md call snippet: ['None', 'bool', 'str']
[ou_fit] UNKNOWN KWARGS in api.md call snippet: ['float']
[pacf] UNKNOWN KWARGS in api.md call snippet: ['int', 'str']
[panel_fe] UNKNOWN KWARGS in api.md call snippet: ['None', 'str']
[panel_lp] DOC DEFAULT MISMATCH bandwidth: doc says 4.0, runtime None  <- 'bandwidth defaults to 4.0'
[panel_lp] UNKNOWN KWARGS in api.md call snippet: ['None', 'bool', 'float', 'int', 'str']
[panel_mean_group] UNKNOWN KWARGS in api.md call snippet: ['str']
[panel_pmg] UNKNOWN KWARGS in api.md call snippet: ['float', 'int']
[panel_unit_root] UNKNOWN KWARGS in api.md call snippet: ['None', 'str']
[periodogram] UNKNOWN KWARGS in api.md call snippet: ['float', 'str']
[periodogram] UNKNOWN KWARGS in spectral.md call snippet: ['scaling']
[phillips_ouliaris] UNKNOWN KWARGS in api.md call snippet: ['None', 'str']
[phillips_perron] UNKNOWN KWARGS in api.md call snippet: ['None', 'str']
[predictive_regression] DOC DEFAULT MISMATCH alpha: doc says -1, runtime 0.95  <- '`alpha` tune the IVX instrument (defaults -1'
[predictive_regression] UNKNOWN KWARGS in api.md call snippet: ['float']
[proxy_ar_sets] UNKNOWN KWARGS in api.md call snippet: ['None', 'bool', 'float', 'int', 'str']
[proxy_first_stage] UNKNOWN KWARGS in api.md call snippet: ['None', 'int', 'str']
[proxy_svar] UNKNOWN KWARGS in api.md call snippet: ['bool', 'float', 'int', 'str']
[proxy_svar_bands] UNKNOWN KWARGS in api.md call snippet: ['None', 'bool', 'float', 'int', 'str']
[quantile_lp] UNKNOWN KWARGS in api.md call snippet: ['None', 'int']
[quantile_regression] UNKNOWN KWARGS in api.md call snippet: ['None', 'str']
[realized_range] UNKNOWN KWARGS in api.md call snippet: ['None', 'str']
[recession_probit] UNKNOWN KWARGS in api.md call snippet: ['bool', 'str']
[reset_test] UNKNOWN KWARGS in api.md call snippet: ['int']
[robust_svar_bounds] UNKNOWN KWARGS in api.md call snippet: ['float', 'int']
[setar] UNKNOWN KWARGS in api.md call snippet: ['None', 'bool', 'float', 'int', 'str']
[setar_test] UNKNOWN KWARGS in api.md call snippet: ['float', 'int']
[sign_restricted_svar] UNKNOWN KWARGS in api.md call snippet: ['float', 'int']
[smooth_lp] UNKNOWN KWARGS in api.md call snippet: ['None', 'float', 'int']
[spread_zscore] DOC DEFAULT MISMATCH dt: doc says 1.0, runtime None  <- '`dt` (default 1.0'
[spread_zscore] DOC DEFAULT MISMATCH dt: doc says 1.0, runtime None  <- '`dt` (default 1.0'
[spread_zscore] UNKNOWN KWARGS in api.md call snippet: ['None']
[star] UNKNOWN KWARGS in api.md call snippet: ['None', 'bool', 'float', 'int', 'str']
[star_eval] UNKNOWN KWARGS in api.md call snippet: ['bool', 'int', 'str']
[star_test] UNKNOWN KWARGS in api.md call snippet: ['None', 'int']
[stl] DOC DEFAULT MISMATCH outer_iter: doc says 2, runtime None  <- '`outer_iter` default to 2'
[stl] UNKNOWN KWARGS in api.md call snippet: ['None', 'bool', 'int']
[structural_fevd] UNKNOWN KWARGS in api.md call snippet: ['None', 'int', 'str']
[summarize] UNKNOWN KWARGS in api.md call snippet: ['None', 'str']
[sup_f_test] UNKNOWN KWARGS in api.md call snippet: ['float']
[theta_forecast] UNKNOWN KWARGS in api.md call snippet: ['int']
[threshold_var] UNKNOWN KWARGS in api.md call snippet: ['None', 'bool', 'float', 'int']
[threshold_var_test] UNKNOWN KWARGS in api.md call snippet: ['bool', 'float', 'int']
[threshold_vecm] DOC DEFAULT MISMATCH beta_span: doc says 50, runtime None  <- '`beta_span` explicitly alongside it **raises** rather than being silently ignored (they default to 5'
[threshold_vecm] UNKNOWN KWARGS in api.md call snippet: ['None', 'float', 'int']
[umidas] UNKNOWN KWARGS in api.md call snippet: ['None', 'str']
[var_backtest] UNKNOWN KWARGS in api.md call snippet: ['None', 'float', 'int', 'str']
[var_fevd] UNKNOWN KWARGS in api.md call snippet: ['int', 'str']
[var_fit] UNKNOWN KWARGS in api.md call snippet: ['int', 'str']
[var_forecast] UNKNOWN KWARGS in api.md call snippet: ['float', 'int', 'str']
[var_granger] UNKNOWN KWARGS in api.md call snippet: ['int', 'str']
[var_irf] UNKNOWN KWARGS in api.md call snippet: ['bool', 'int', 'str']
[var_irf_bands] UNKNOWN KWARGS in api.md call snippet: ['bool', 'float', 'int', 'str']
[vecm] DOC DEFAULT MISMATCH first_season: doc says 0, runtime None  <- '`first_season` explicitly then **raises** rather than being silently ignored (it defaults to 0'
[vecm] UNKNOWN KWARGS in api.md call snippet: ['None', 'int', 'str']
[weighted_midas] UNKNOWN KWARGS in api.md call snippet: ['None', 'str']
[welch] UNKNOWN KWARGS in api.md call snippet: ['None', 'float', 'int', 'str']
[welch] UNKNOWN KWARGS in spectral.md call snippet: ['scaling']
[zero_sign_svar] UNKNOWN KWARGS in api.md call snippet: ['bool', 'float', 'int']
[zivot_andrews] DOC DEFAULT MISMATCH autolag: doc says 'aic', runtime Ellipsis  <- '`autolag` "aic" (default)'
[zivot_andrews] DOC DEFAULT MISMATCH autolag: doc says 'aic', runtime Ellipsis  <- '`autolag` "aic" (default)'
[zivot_andrews] UNKNOWN KWARGS in api.md call snippet: ['None', 'float', 'str']
